
> odoo-pos-cafe@0.0.0 build
> vite build

[36mvite v8.0.3 [32mbuilding client environment for production...[36m[39m
[2K
transforming...Γ£ô 37 modules transformed.
node.exe : [31mΓ£ù[39m Build failed in 198ms
At line:1 char:1
+ & "C:\Program Files\nodejs/node.exe" "C:\Program 
Files\nodejs/node_mo ...
+ ~~~~~~~~~~~~~~~~~~~~~~~~~~~~~~~~~~~~~~~~~~~~~~~~~~~~~~
~~~~~~~~~~~~~~~
    + CategoryInfo          : NotSpecified: ([31mΓ£ù[ 
   39m Build failed in 198ms:String) [], RemoteExcepti  
  on
    + FullyQualifiedErrorId : NativeCommandError
 
[31merror during build:
[31mBuild failed with 1 error:

[31m[builtin:vite-transform] Error:[0m Invalid 
Unicode escape sequence
     
[38;5;246mΓò¡[0m[38;5;246mΓöÇ[0m[38;5;246m[[0m 
src/pages/frontend/PaymentView.jsx:167:21 
[38;5;246m][0m
     [38;5;246mΓöé[0m
 [38;5;246m167 Γöé[0m [38;5;249m [0m[38;5;249m 
[0m[38;5;249m [0m[38;5;249m [0m[38;5;249mc[0m[38
;5;249mo[0m[38;5;249mn[0m[38;5;249ms[0m[38;5;249mt
[0m[38;5;249m [0m[38;5;249mu[0m[38;5;249mp[0m[38
;5;249mi[0m[38;5;249mU[0m[38;5;249mr[0m[38;5;249mi
[0m[38;5;249m [0m[38;5;249m=[0m[38;5;249m [0m[38
;5;249m\[0m`[38;5;249mu[0m[38;5;249mp[0m[38;5;249m
i[0m[38;5;249m:[0m[38;5;249m/[0m[38;5;249m/[0m[3
8;5;249mp[0m[38;5;249ma[0m[38;5;249my[0m[38;5;249m
?[0m[38;5;249mp[0m[38;5;249ma[0m[38;5;249m=[0m[3
8;5;249m\[0m[38;5;249m$[0m[38;5;249m{[0m[38;5;249m
p[0m[38;5;249ma[0m[38;5;249my[0m[38;5;249mm[0m[3
8;5;249me[0m[38;5;249mn[0m[38;5;249mt[0m[38;5;249m
M[0m[38;5;249me[0m[38;5;249mt[0m[38;5;249mh[0m[3
8;5;249mo[0m[38;5;249md[0m[38;5;249ms[0m[38;5;249m
.[0m[38;5;249mu[0m[38;5;249mp[0m[38;5;249mi[0m[3
8;5;249mI[0m[38;5;249md[0m[38;5;249m 
[0m[38;5;249m|[0m[38;5;249m|[0m[38;5;249m [0m[38
;5;249m'[0m[38;5;249mt[0m[38;5;249me[0m[38;5;249ms
[0m[38;5;249mt[0m[38;5;249m@[0m[38;5;249mu[0m[38
;5;249mp[0m[38;5;249mi[0m[38;5;249m'[0m[38;5;249m}
[0m[38;5;249m&[0m[38;5;249ma[0m[38;5;249mm[0m[38
;5;249m=[0m[38;5;249m\[0m[38;5;249m$[0m[38;5;249m{
[0m[38;5;249mt[0m[38;5;249mo[0m[38;5;249mt[0m[38
;5;249ma[0m[38;5;249ml[0m[38;5;249m}[0m[38;5;249m&
[0m[38;5;249mc[0m[38;5;249mu[0m[38;5;249m=[0m[38
;5;249mI[0m[38;5;249mN[0m[38;5;249mR[0m[38;5;249m\
[0m[38;5;249m`[0m
 [38;5;240m    Γöé[0m                     Γö¼  
 [38;5;240m    Γöé[0m                     Γò░ΓöÇΓöÇ 
[38;5;246mΓöÇΓöÇΓöÇΓöÇΓöÇΓò»[0m
[31m
    at aggregateBindingErrorsIntoJsError (file:///C:/Use
rs/parul/Desktop/ODDO-HACKATHON-OFFLINE/odoo-pos-cafe/no
de_modules/rolldown/dist/shared/error-BLhcSyeg.mjs:48:18
)
    at unwrapBindingResult (file:///C:/Users/parul/Deskt
op/ODDO-HACKATHON-OFFLINE/odoo-pos-cafe/node_modules/rol
ldown/dist/shared/error-BLhcSyeg.mjs:18:128)
    at #build (file:///C:/Users/parul/Desktop/ODDO-HACKA
THON-OFFLINE/odoo-pos-cafe/node_modules/rolldown/dist/sh
ared/rolldown-build-CPrIX9V6.mjs:3313:34)
    at async buildEnvironment (file:///C:/Users/parul/De
sktop/ODDO-HACKATHON-OFFLINE/odoo-pos-cafe/node_modules/
vite/dist/node/chunks/node.js:32849:64)
    at async Object.build (file:///C:/Users/parul/Deskto
p/ODDO-HACKATHON-OFFLINE/odoo-pos-cafe/node_modules/vite
/dist/node/chunks/node.js:33271:19)
    at async Object.buildApp (file:///C:/Users/parul/Des
ktop/ODDO-HACKATHON-OFFLINE/odoo-pos-cafe/node_modules/v
ite/dist/node/chunks/node.js:33268:153)
    at async CAC.<anonymous> (file:///C:/Users/parul/Des
ktop/ODDO-HACKATHON-OFFLINE/odoo-pos-cafe/node_modules/v
ite/dist/node/cli.js:778:3) {
  errors: [Getter/Setter]
}[39m
